
> ebenezar-pos@1.0.0 build
> next build

  Γû▓ Next.js 14.2.5
  - Environments: .env.local

   Creating an optimized production build ...
 Γ£ô Compiled successfully
   Linting and checking validity of types ...
   Collecting page data ...
node.exe : unhandledRejection Error [PageNotFoundError]: Cannot find module 
for page: /_document
At line:1 char:1
+ & "C:\Program Files\nodejs/node.exe" "C:\Program Files\nodejs/node_mo ...
+ ~~~~~~~~~~~~~~~~~~~~~~~~~~~~~~~~~~~~~~~~~~~~~~~~~~~~~~~~~~~~~~~~~~~~~
    + CategoryInfo          : NotSpecified: (unhandledReject...age: /_document 
   :String) [], RemoteException
    + FullyQualifiedErrorId : NativeCommandError
 
    at getPagePath (C:\Users\s2488\Downloads\ebenezar-pos\ebenezar-pos\node_mod
ules\next\dist\server\require.js:94:15)
    at requirePage (C:\Users\s2488\Downloads\ebenezar-pos\ebenezar-pos\node_mod
ules\next\dist\server\require.js:99:22)
    at C:\Users\s2488\Downloads\ebenezar-pos\ebenezar-pos\node_modules\next\dis
t\server\load-components.js:72:65
    at process.processTicksAndRejections 
(node:internal/process/task_queues:104:5)
    at async Promise.all (index 0)
    at async loadComponentsImpl (C:\Users\s2488\Downloads\ebenezar-pos\ebenezar
-pos\node_modules\next\dist\server\load-components.js:71:33)
    at async Object.hasCustomGetInitialProps (C:\Users\s2488\Downloads\ebenezar
-pos\ebenezar-pos\node_modules\next\dist\build\utils.js:1273:24) {
  type: 'PageNotFoundError',
  code: 'ENOENT'
}
